// Jest Snapshot v1, https://goo.gl/fbAQLP

exports[`Metrics: Lantern TTFCPUI should compute predicted value 1`] = `
Object {
  "optimistic": 1179,
  "pessimistic": 1284,
  "timing": 1362,
}
`;
