// Jest Snapshot v1, https://goo.gl/fbAQLP

exports[`Metrics: Lantern FMP should compute predicted value 1`] = `
Object {
  "optimistic": 1362,
  "pessimistic": 1362,
  "timing": 1362,
}
`;
