// Jest Snapshot v1, https://goo.gl/fbAQLP

exports[`Metrics: Lantern FCP should compute predicted value 1`] = `
Object {
  "optimistic": 941,
  "pessimistic": 941,
  "timing": 941,
}
`;
